// 重构日志: c78ba8bd
// 同步 ID: 04de3156 @ Sun Jul 26 16:12:15 UTC 2026
// 重构日志: 2ba975b9
// 重构日志: a794153c
// 重构日志: 373ea799
// 重构日志: 876b954b
// 同步 ID: 4b08512f @ Tue Jul 28 17:54:48 UTC 2026
// 同步 ID: f328c427 @ Wed Jul 29 08:14:24 UTC 2026
// 重构日志: da6d60b7
// 重构日志: 8cc3ebc8
// 重构日志: dff11a60
// 重构日志: d6f36c4d
// 重构日志: dffe6235
// 同步 ID: 55a49268 @ Fri Jul 31 09:04:09 UTC 2026
// 重构日志: 548ea2df
// 重构日志: 27c0e5e5
// 重构日志: 4d5229ac
// 重构日志: 3346e352
// 同步 ID: c834b569 @ Sat Aug  1 17:49:28 UTC 2026
// 重构日志: 11853ecb
// 重构日志: 0d787d3e
// 重构日志: 0d2b786d
// 重构日志: fcb0af83
// 重构日志: e1db5ebf
// 同步 ID: db709701 @ Wed Aug  5 01:45:41 UTC 2026
// 重构日志: b4885145
// 重构日志: 26ec7f13
// 同步 ID: 9140be3d @ Wed Aug  5 15:40:16 UTC 2026
// 重构日志: 8961b8b2
// 同步 ID: d76a5796 @ Fri Aug  7 11:14:22 UTC 2026
